==188705== Use of uninitialised value of size 8
==188705==    at 0x11AD56: test_structure_fn (test_memcpy.c:99)
==188705==    by 0x13DBAC: srunner_run_tagged (in /home/nikovodkov/21/projects/C2_s21_stringplus-1/src/test_runner)
==188705==    by 0x11EBB8: main (test_runner.c:58)
==188705==  Uninitialised value was created by a stack allocation
==188705==    at 0x11AC0A: test_structure_fn (test_memcpy.c:80)
==188705== 
==188705== Use of uninitialised value of size 8
==188705==    at 0x11AD95: test_structure_fn (test_memcpy.c:99)
==188705==    by 0x13DBAC: srunner_run_tagged (in /home/nikovodkov/21/projects/C2_s21_stringplus-1/src/test_runner)
==188705==    by 0x11EBB8: main (test_runner.c:58)
==188705==  Uninitialised value was created by a stack allocation
==188705==    at 0x11AC0A: test_structure_fn (test_memcpy.c:80)
==188705== 
==188705== Use of uninitialised value of size 8
==188705==    at 0x11ADD4: test_structure_fn (test_memcpy.c:99)
==188705==    by 0x13DBAC: srunner_run_tagged (in /home/nikovodkov/21/projects/C2_s21_stringplus-1/src/test_runner)
==188705==    by 0x11EBB8: main (test_runner.c:58)
==188705==  Uninitialised value was created by a stack allocation
==188705==    at 0x11AC0A: test_structure_fn (test_memcpy.c:80)
==188705== 
==188705== Use of uninitialised value of size 8
==188705==    at 0x11AE13: test_structure_fn (test_memcpy.c:99)
==188705==    by 0x13DBAC: srunner_run_tagged (in /home/nikovodkov/21/projects/C2_s21_stringplus-1/src/test_runner)
==188705==    by 0x11EBB8: main (test_runner.c:58)
==188705==  Uninitialised value was created by a stack allocation
==188705==    at 0x11AC0A: test_structure_fn (test_memcpy.c:80)
==188705== 
==188705== Conditional jump or move depends on uninitialised value(s)
==188705==    at 0x485207E: bcmp (in /usr/libexec/valgrind/vgpreload_memcheck-amd64-linux.so)
==188705==    by 0x11AF09: test_structure_fn (test_memcpy.c:99)
==188705==    by 0x13DBAC: srunner_run_tagged (in /home/nikovodkov/21/projects/C2_s21_stringplus-1/src/test_runner)
==188705==    by 0x11EBB8: main (test_runner.c:58)
==188705==  Uninitialised value was created by a stack allocation
==188705==    at 0x11AC0A: test_structure_fn (test_memcpy.c:80)
==188705== 
==188705== 
==188705== HEAP SUMMARY:
==188705==     in use at exit: 16,830 bytes in 607 blocks
==188705==   total heap usage: 1,014 allocs, 407 frees, 388,537 bytes allocated
==188705== 
==188705== LEAK SUMMARY:
==188705==    definitely lost: 0 bytes in 0 blocks
==188705==    indirectly lost: 0 bytes in 0 blocks
==188705==      possibly lost: 0 bytes in 0 blocks
==188705==    still reachable: 16,830 bytes in 607 blocks
==188705==         suppressed: 0 bytes in 0 blocks
==188705== Reachable blocks (those to which a pointer was found) are not shown.
==188705== To see them, rerun with: --leak-check=full --show-leak-kinds=all
==188705== 
==188705== For lists of detected and suppressed errors, rerun with: -s
==188705== ERROR SUMMARY: 13 errors from 5 contexts (suppressed: 0 from 0)
==188705== Use of uninitialised value of size 8
==188705==    at 0x11AD56: test_structure_fn (test_memcpy.c:99)
==188705==    by 0x13DBAC: srunner_run_tagged (in /home/nikovodkov/21/projects/C2_s21_stringplus-1/src/test_runner)
==188705==    by 0x11EBB8: main (test_runner.c:58)
==188705==  Uninitialised value was created by a stack allocation
==188705==    at 0x11AC0A: test_structure_fn (test_memcpy.c:80)
==188705== 
==188705== Use of uninitialised value of size 8
==188705==    at 0x11AD95: test_structure_fn (test_memcpy.c:99)
==188705==    by 0x13DBAC: srunner_run_tagged (in /home/nikovodkov/21/projects/C2_s21_stringplus-1/src/test_runner)
==188705==    by 0x11EBB8: main (test_runner.c:58)
==188705==  Uninitialised value was created by a stack allocation
==188705==    at 0x11AC0A: test_structure_fn (test_memcpy.c:80)
==188705== 
==188705== Use of uninitialised value of size 8
==188705==    at 0x11ADD4: test_structure_fn (test_memcpy.c:99)
==188705==    by 0x13DBAC: srunner_run_tagged (in /home/nikovodkov/21/projects/C2_s21_stringplus-1/src/test_runner)
==188705==    by 0x11EBB8: main (test_runner.c:58)
==188705==  Uninitialised value was created by a stack allocation
==188705==    at 0x11AC0A: test_structure_fn (test_memcpy.c:80)
==188705== 
==188705== Use of uninitialised value of size 8
==188705==    at 0x11AE13: test_structure_fn (test_memcpy.c:99)
==188705==    by 0x13DBAC: srunner_run_tagged (in /home/nikovodkov/21/projects/C2_s21_stringplus-1/src/test_runner)
==188705==    by 0x11EBB8: main (test_runner.c:58)
==188705==  Uninitialised value was created by a stack allocation
==188705==    at 0x11AC0A: test_structure_fn (test_memcpy.c:80)
==188705== 
==188705== Conditional jump or move depends on uninitialised value(s)
==188705==    at 0x485207E: bcmp (in /usr/libexec/valgrind/vgpreload_memcheck-amd64-linux.so)
==188705==    by 0x11AF09: test_structure_fn (test_memcpy.c:99)
==188705==    by 0x13DBAC: srunner_run_tagged (in /home/nikovodkov/21/projects/C2_s21_stringplus-1/src/test_runner)
==188705==    by 0x11EBB8: main (test_runner.c:58)
==188705==  Uninitialised value was created by a stack allocation
==188705==    at 0x11AC0A: test_structure_fn (test_memcpy.c:80)
==188705== 
==188705== 
==188705== HEAP SUMMARY:
==188705==     in use at exit: 16,830 bytes in 607 blocks
==188705==   total heap usage: 1,014 allocs, 407 frees, 388,537 bytes allocated
==188705== 
==188705== LEAK SUMMARY:
==188705==    definitely lost: 0 bytes in 0 blocks
==188705==    indirectly lost: 0 bytes in 0 blocks
==188705==      possibly lost: 0 bytes in 0 blocks
==188705==    still reachable: 16,830 bytes in 607 blocks
==188705==         suppressed: 0 bytes in 0 blocks
==188705== Reachable blocks (those to which a pointer was found) are not shown.
==188705== To see them, rerun with: --leak-check=full --show-leak-kinds=all
==188705== 
==188705== For lists of detected and suppressed errors, rerun with: -s
==188705== ERROR SUMMARY: 13 errors from 5 contexts (suppressed: 0 from 0)
